Loading Uchuu halos...
Loaded 32,013,971 halos
Mock 1/8 (seed=2000)...
Loading Uchuu halos...
  Loaded 32,013,971 halos in 10.2s

  Gaussian: fs8=0.2436 [0.1833, 0.3237] (194s)
Mock 2/8 (seed=2137)...
  Gaussian: fs8=0.3571 [0.2986, 0.4270] (170s)
Mock 3/8 (seed=2274)...
  Gaussian: fs8=0.2766 [0.2244, 0.3410] (174s)
Mock 4/8 (seed=2411)...
  Gaussian: fs8=0.2228 [0.1700, 0.2919] (158s)
Mock 5/8 (seed=2548)...
  Gaussian: fs8=0.2155 [0.1513, 0.3070] (178s)
Mock 6/8 (seed=2685)...
  Gaussian: fs8=0.2824 [0.2315, 0.3444] (188s)
Mock 7/8 (seed=2822)...
  Gaussian: fs8=0.2867 [0.2309, 0.3560] (189s)
Mock 8/8 (seed=2959)...
  Gaussian: fs8=0.1240 [0.0701, 0.2193] (229s)

Saved uchuu_6600_comparison.npz
Gaussian mean: 0.2511 (bias -41.3%)
Student-t mean: 0.4615 (bias +7.9%)
